// Vitest Snapshot v1, https://vitest.dev/guide/snapshot.html

exports[`App.vue renders correct 1`] = `
<div
  class="hero is-fullHeight"
  id="app"
>
  <navbar-stub />
   
  <section
    class="section"
  >
    <router-view />
  </section>
</div>
`;
